t=0 started 2026-10-07T12:04:10+00:00
t=20    12:04:10 srv=1 cli=0 cpu%=789 port=19154 json=10
t=40    12:04:31 srv=1 cli=1 cpu%=781 port=19154 json=10
t=60    12:04:51 srv=1 cli=1 cpu%=789 port=19154 json=10
t=80    12:05:11 srv=1 cli=1 cpu%=792 port=19154 json=10
t=100   12:05:31 srv=1 cli=1 cpu%=793 port=19154 json=10
t=120   12:05:51 srv=1 cli=1 cpu%=794 port=19154 json=10
t=140   12:06:12 srv=1 cli=1 cpu%=795 port=19154 json=10
t=160   12:06:32 srv=1 cli=1 cpu%=796 port=19154 json=10
t=180   12:06:52 srv=1 cli=1 cpu%=796 port=19154 json=10
t=200   12:07:12 srv=1 cli=1 cpu%=797 port=19154 json=10
t=220   12:07:32 srv=1 cli=1 cpu%=797 port=19154 json=10
t=240   12:07:53 srv=1 cli=1 cpu%=797 port=19154 json=10
t=260   12:08:13 srv=1 cli=1 cpu%=797 port=19154 json=10
t=280   12:08:33 srv=1 cli=1 cpu%=797 port=19154 json=10
t=300   12:08:53 srv=1 cli=1 cpu%=798 port=19154 json=10
t=320   12:09:13 srv=1 cli=1 cpu%=798 port=19154 json=10
t=340   12:09:33 srv=1 cli=1 cpu%=798 port=19154 json=10
t=360   12:09:54 srv=1 cli=1 cpu%=798 port=19154 json=10
t=380   12:10:14 srv=1 cli=1 cpu%=798 port=19154 json=10
t=400   12:10:34 srv=1 cli=1 cpu%=798 port=19154 json=10
t=420   12:10:54 srv=1 cli=1 cpu%=798 port=19154 json=10
t=440   12:11:14 srv=1 cli=1 cpu%=798 port=19154 json=10
t=460   12:11:35 srv=1 cli=1 cpu%=798 port=19154 json=10
t=480   12:11:55 srv=1 cli=1 cpu%=798 port=19154 json=10
t=500   12:12:15 srv=1 cli=1 cpu%=798 port=19154 json=10
t=520   12:12:35 srv=1 cli=1 cpu%=798 port=19154 json=10
t=540   12:12:55 srv=1 cli=1 cpu%=798 port=19154 json=10
t=560   12:13:15 srv=1 cli=1 cpu%=798 port=19154 json=10
t=580   12:13:36 srv=1 cli=0 cpu%=785 port=19614 json=10
t=600   12:13:56 srv=1 cli=1 cpu%=780 port=19614 json=10
t=620   12:14:16 srv=1 cli=1 cpu%=788 port=19614 json=10
t=640   12:14:36 srv=1 cli=1 cpu%=791 port=19614 json=10
t=660   12:14:57 srv=1 cli=1 cpu%=793 port=19614 json=10
t=680   12:15:17 srv=1 cli=1 cpu%=794 port=19614 json=10
t=700   12:15:37 srv=1 cli=1 cpu%=795 port=19614 json=10
t=720   12:15:57 srv=1 cli=1 cpu%=796 port=19614 json=10
t=740   12:16:17 srv=1 cli=1 cpu%=796 port=19614 json=10
t=760   12:16:38 srv=1 cli=1 cpu%=796 port=19614 json=10
t=780   12:16:58 srv=1 cli=1 cpu%=797 port=19614 json=10
t=800   12:17:18 srv=1 cli=1 cpu%=797 port=19614 json=10
t=820   12:17:38 srv=1 cli=1 cpu%=797 port=19614 json=10
t=840   12:17:58 srv=1 cli=1 cpu%=797 port=19614 json=10
t=860   12:18:19 srv=1 cli=1 cpu%=797 port=19614 json=10
t=880   12:18:39 srv=1 cli=1 cpu%=798 port=19614 json=10
t=900   12:18:59 srv=1 cli=1 cpu%=798 port=19614 json=10
t=920   12:19:19 srv=1 cli=1 cpu%=798 port=19614 json=10
t=940   12:19:40 srv=1 cli=1 cpu%=798 port=19614 json=10
t=960   12:20:00 srv=1 cli=0 cpu%=794 port=19428 json=10
t=980   12:20:20 srv=1 cli=1 cpu%=785 port=19428 json=10
t=1000  12:20:40 srv=1 cli=1 cpu%=790 port=19428 json=10
t=1020  12:21:01 srv=1 cli=1 cpu%=793 port=19428 json=10
t=1040  12:21:21 srv=1 cli=1 cpu%=794 port=19428 json=10
t=1060  12:21:41 srv=1 cli=1 cpu%=795 port=19428 json=10
t=1080  12:22:01 srv=1 cli=1 cpu%=796 port=19428 json=10
t=1100  12:22:22 srv=1 cli=1 cpu%=796 port=19428 json=10
t=1120  12:22:42 srv=1 cli=1 cpu%=796 port=19428 json=10
t=1140  12:23:02 srv=1 cli=0 cpu%=788 port=19309 json=10
t=1160  12:23:22 srv=1 cli=1 cpu%=781 port=19309 json=10
t=1180  12:23:43 srv=1 cli=1 cpu%=789 port=19309 json=10
t=1200  12:24:03 srv=1 cli=1 cpu%=792 port=19309 json=10
t=1220  12:24:23 srv=1 cli=1 cpu%=794 port=19309 json=10
t=1240  12:24:43 srv=1 cli=1 cpu%=795 port=19309 json=10
t=1260  12:25:04 srv=1 cli=1 cpu%=795 port=19309 json=10
t=1280  12:25:24 srv=1 cli=1 cpu%=796 port=19309 json=10
t=1300  12:25:44 srv=1 cli=1 cpu%=796 port=19309 json=10
t=1320  12:26:04 srv=1 cli=1 cpu%=797 port=19309 json=10
t=1340  12:26:24 srv=1 cli=1 cpu%=797 port=19309 json=10
t=1360  12:26:45 srv=1 cli=1 cpu%=797 port=19309 json=10
t=1380  12:27:05 srv=1 cli=1 cpu%=797 port=19309 json=10
t=1400  12:27:25 srv=1 cli=1 cpu%=797 port=19309 json=10
t=1420  12:27:45 srv=1 cli=1 cpu%=798 port=19309 json=10
t=1440  12:28:05 srv=1 cli=1 cpu%=798 port=19309 json=10
t=1460  12:28:26 srv=1 cli=1 cpu%=798 port=19309 json=10
t=1480  12:28:46 srv=1 cli=1 cpu%=798 port=19309 json=10
t=1500  12:29:06 srv=1 cli=1 cpu%=798 port=19309 json=10
t=1520  12:29:26 srv=1 cli=0 cpu%=788 port=19259 json=10
t=1540  12:29:47 srv=1 cli=1 cpu%=783 port=19259 json=10
t=1560  12:30:07 srv=1 cli=1 cpu%=790 port=19259 json=10
t=1580  12:30:27 srv=1 cli=1 cpu%=793 port=19259 json=10
t=1600  12:30:47 srv=1 cli=1 cpu%=794 port=19259 json=10
t=1620  12:31:08 srv=1 cli=1 cpu%=795 port=19259 json=10
t=1640  12:31:28 srv=1 cli=1 cpu%=796 port=19259 json=10
t=1660  12:31:48 srv=1 cli=1 cpu%=796 port=19259 json=10
t=1680  12:32:08 srv=1 cli=1 cpu%=796 port=19259 json=10
t=1700  12:32:29 srv=1 cli=0 cpu%=786 port=19130 json=10
t=1720  12:32:49 srv=1 cli=1 cpu%=779 port=19130 json=10
t=1740  12:33:09 srv=1 cli=1 cpu%=788 port=19130 json=10
t=1760  12:33:29 srv=1 cli=1 cpu%=791 port=19130 json=10
t=1780  12:33:49 srv=1 cli=1 cpu%=793 port=19130 json=10
t=1800  12:34:09 srv=1 cli=1 cpu%=794 port=19130 json=10
t=1820  12:34:30 srv=1 cli=1 cpu%=795 port=19130 json=10
t=1840  12:34:50 srv=1 cli=1 cpu%=796 port=19130 json=10
t=1860  12:35:10 srv=1 cli=1 cpu%=796 port=19130 json=10
t=1880  12:35:30 srv=1 cli=1 cpu%=796 port=19130 json=10
t=1900  12:35:50 srv=1 cli=1 cpu%=797 port=19130 json=10
t=1920  12:36:11 srv=1 cli=1 cpu%=797 port=19130 json=10
t=1940  12:36:31 srv=1 cli=1 cpu%=797 port=19130 json=10
t=1960  12:36:51 srv=1 cli=1 cpu%=797 port=19130 json=10
t=1980  12:37:11 srv=1 cli=1 cpu%=797 port=19130 json=10
t=2000  12:37:31 srv=1 cli=1 cpu%=798 port=19130 json=10
t=2020  12:37:52 srv=1 cli=1 cpu%=798 port=19130 json=10
t=2040  12:38:12 srv=1 cli=1 cpu%=798 port=19130 json=10
t=2060  12:38:32 srv=1 cli=1 cpu%=798 port=19130 json=10
t=2080  12:38:52 srv=1 cli=1 cpu%=798 port=19130 json=10
t=2100  12:39:12 srv=1 cli=1 cpu%=798 port=19130 json=10
t=2120  12:39:32 srv=1 cli=1 cpu%=798 port=19130 json=10
t=2140  12:39:53 srv=1 cli=1 cpu%=798 port=19130 json=10
t=2160  12:40:13 srv=1 cli=1 cpu%=798 port=19130 json=10
t=2180  12:40:33 srv=1 cli=1 cpu%=798 port=19130 json=10
t=2200  12:40:53 srv=1 cli=1 cpu%=798 port=19130 json=10
t=2220  12:41:13 srv=1 cli=1 cpu%=798 port=19130 json=10
t=2240  12:41:34 srv=0 cli=0 cpu%=0 port=- json=10
t=2260  12:41:54 srv=1 cli=0 cpu%=792 port=19798 json=10
t=2280  12:42:14 srv=1 cli=1 cpu%=783 port=19798 json=10
t=2300  12:42:34 srv=1 cli=1 cpu%=789 port=19798 json=10
t=2320  12:42:54 srv=1 cli=1 cpu%=792 port=19798 json=10
t=2340  12:43:15 srv=1 cli=1 cpu%=793 port=19798 json=10
t=2360  12:43:35 srv=1 cli=1 cpu%=794 port=19798 json=10
t=2380  12:43:55 srv=1 cli=1 cpu%=795 port=19798 json=10
t=2400  12:44:16 srv=1 cli=1 cpu%=796 port=19798 json=10
t=2420  12:44:36 srv=0 cli=0 cpu%=0 port=- json=10
t=2440  12:44:56 srv=1 cli=1 cpu%=790 port=19134 json=10
t=2460  12:45:16 srv=1 cli=1 cpu%=787 port=19134 json=10
t=2480  12:45:36 srv=1 cli=1 cpu%=792 port=19134 json=10
t=2500  12:45:57 srv=1 cli=1 cpu%=794 port=19134 json=10
t=2520  12:46:17 srv=1 cli=1 cpu%=795 port=19134 json=10
t=2540  12:46:37 srv=1 cli=1 cpu%=796 port=19134 json=10
t=2560  12:46:57 srv=1 cli=1 cpu%=796 port=19134 json=10
t=2580  12:47:17 srv=1 cli=1 cpu%=797 port=19134 json=10
t=2600  12:47:37 srv=1 cli=1 cpu%=797 port=19134 json=10
t=2620  12:47:58 srv=1 cli=1 cpu%=797 port=19134 json=10
t=2640  12:48:18 srv=1 cli=1 cpu%=797 port=19134 json=10
t=2660  12:48:38 srv=1 cli=1 cpu%=798 port=19134 json=10
t=2680  12:48:58 srv=1 cli=1 cpu%=798 port=19134 json=10
t=2700  12:49:18 srv=1 cli=1 cpu%=798 port=19134 json=10
t=2720  12:49:38 srv=1 cli=1 cpu%=798 port=19134 json=10
t=2740  12:49:59 srv=1 cli=1 cpu%=798 port=19134 json=10
t=2760  12:50:19 srv=1 cli=1 cpu%=798 port=19134 json=10
t=2780  12:50:39 srv=1 cli=1 cpu%=798 port=19134 json=10
t=2800  12:50:59 srv=1 cli=1 cpu%=798 port=19134 json=10
t=2820  12:51:19 srv=1 cli=1 cpu%=798 port=19134 json=10
t=2840  12:51:40 srv=1 cli=1 cpu%=798 port=19134 json=10
t=2860  12:52:00 srv=1 cli=1 cpu%=798 port=19134 json=10
t=2880  12:52:20 srv=1 cli=1 cpu%=798 port=19134 json=10
t=2900  12:52:40 srv=1 cli=1 cpu%=798 port=19134 json=10
t=2920  12:53:00 srv=1 cli=1 cpu%=799 port=19134 json=10
t=2940  12:53:21 srv=1 cli=1 cpu%=799 port=19134 json=10
t=2960  12:53:41 srv=1 cli=1 cpu%=799 port=19134 json=10
t=2980  12:54:01 srv=1 cli=0 cpu%=765 port=19332 json=10
t=3000  12:54:21 srv=1 cli=1 cpu%=781 port=19332 json=10
t=3020  12:54:41 srv=1 cli=1 cpu%=787 port=19332 json=10
t=3040  12:55:02 srv=1 cli=1 cpu%=791 port=19332 json=10
t=3060  12:55:22 srv=1 cli=1 cpu%=793 port=19332 json=10
t=3080  12:55:42 srv=1 cli=1 cpu%=794 port=19332 json=10
t=3100  12:56:02 srv=1 cli=1 cpu%=795 port=19332 json=10
t=3120  12:56:22 srv=1 cli=1 cpu%=795 port=19332 json=10
t=3140  12:56:43 srv=1 cli=1 cpu%=796 port=19332 json=10
t=3160  12:57:03 srv=1 cli=1 cpu%=796 port=19332 json=10
t=3180  12:57:23 srv=1 cli=1 cpu%=797 port=19332 json=10
t=3200  12:57:43 srv=1 cli=1 cpu%=797 port=19332 json=10
t=3220  12:58:03 srv=1 cli=1 cpu%=797 port=19332 json=10
t=3240  12:58:23 srv=1 cli=1 cpu%=797 port=19332 json=10
t=3260  12:58:44 srv=1 cli=1 cpu%=797 port=19332 json=10
t=3280  12:59:04 srv=1 cli=1 cpu%=797 port=19332 json=10
t=3300  12:59:24 srv=1 cli=1 cpu%=798 port=19332 json=10
t=3320  12:59:44 srv=1 cli=1 cpu%=798 port=19332 json=10
t=3340  13:00:05 srv=1 cli=1 cpu%=798 port=19332 json=10
t=3360  13:00:25 srv=1 cli=0 cpu%=755 port=19441 json=10
t=3380  13:00:45 srv=1 cli=1 cpu%=775 port=19441 json=10
t=3400  13:01:05 srv=1 cli=1 cpu%=787 port=19441 json=10
t=3420  13:01:25 srv=1 cli=1 cpu%=791 port=19441 json=10
t=3440  13:01:45 srv=1 cli=1 cpu%=793 port=19441 json=10
t=3460  13:02:06 srv=1 cli=1 cpu%=794 port=19441 json=10
t=3480  13:02:26 srv=1 cli=1 cpu%=795 port=19441 json=10
t=3500  13:02:46 srv=1 cli=1 cpu%=796 port=19441 json=10
t=3520  13:03:06 srv=1 cli=1 cpu%=796 port=19441 json=10
t=3540  13:03:26 srv=1 cli=1 cpu%=796 port=19441 json=10
t=3560  13:03:47 srv=1 cli=1 cpu%=797 port=19441 json=10
t=3580  13:04:07 srv=1 cli=1 cpu%=797 port=19441 json=10
t=3600  13:04:27 srv=1 cli=1 cpu%=797 port=19441 json=10
t=3620  13:04:47 srv=1 cli=1 cpu%=797 port=19441 json=10
t=3640  13:05:07 srv=1 cli=1 cpu%=797 port=19441 json=10
t=3660  13:05:28 srv=1 cli=1 cpu%=798 port=19441 json=10
t=3680  13:05:48 srv=1 cli=1 cpu%=798 port=19441 json=10
t=3700  13:06:08 srv=1 cli=1 cpu%=798 port=19441 json=10
t=3720  13:06:28 srv=1 cli=1 cpu%=798 port=19441 json=10
t=3740  13:06:48 srv=1 cli=1 cpu%=798 port=19441 json=10
t=3760  13:07:08 srv=1 cli=1 cpu%=798 port=19441 json=10
t=3780  13:07:29 srv=1 cli=1 cpu%=798 port=19441 json=10
t=3800  13:07:49 srv=1 cli=1 cpu%=798 port=19441 json=10
t=3820  13:08:09 srv=1 cli=1 cpu%=798 port=19441 json=10
t=3840  13:08:29 srv=1 cli=1 cpu%=798 port=19441 json=10
t=3860  13:08:49 srv=1 cli=1 cpu%=798 port=19441 json=10
t=3880  13:09:09 srv=1 cli=1 cpu%=798 port=19441 json=10
t=3900  13:09:30 srv=1 cli=1 cpu%=798 port=19441 json=10
t=3920  13:09:50 srv=0 cli=0 cpu%=0 port=- json=10
t=3940  13:10:10 srv=1 cli=0 cpu%=795 port=19104 json=10
t=3960  13:10:30 srv=1 cli=1 cpu%=784 port=19104 json=10
t=3980  13:10:50 srv=1 cli=1 cpu%=790 port=19104 json=10
t=4000  13:11:11 srv=1 cli=1 cpu%=792 port=19104 json=10
t=4020  13:11:31 srv=1 cli=1 cpu%=794 port=19104 json=10
t=4040  13:11:51 srv=1 cli=1 cpu%=795 port=19104 json=10
t=4060  13:12:11 srv=1 cli=1 cpu%=795 port=19104 json=10
t=4080  13:12:32 srv=1 cli=1 cpu%=796 port=19104 json=10
t=4100  13:12:52 srv=1 cli=1 cpu%=796 port=19104 json=10
t=4120  13:13:12 srv=1 cli=1 cpu%=796 port=19104 json=10
t=4140  13:13:32 srv=1 cli=1 cpu%=797 port=19104 json=10
t=4160  13:13:52 srv=1 cli=1 cpu%=797 port=19104 json=10
t=4180  13:14:13 srv=1 cli=1 cpu%=797 port=19104 json=10
t=4200  13:14:33 srv=1 cli=1 cpu%=797 port=19104 json=10
t=4220  13:14:53 srv=1 cli=1 cpu%=797 port=19104 json=10
t=4240  13:15:13 srv=1 cli=1 cpu%=798 port=19104 json=10
t=4260  13:15:33 srv=1 cli=1 cpu%=798 port=19104 json=10
t=4280  13:15:53 srv=1 cli=1 cpu%=798 port=19104 json=10
t=4300  13:16:14 srv=0 cli=0 cpu%=0 port=- json=10
t=4320  13:16:34 srv=1 cli=0 cpu%=793 port=19155 json=10
t=4340  13:16:54 srv=1 cli=1 cpu%=783 port=19155 json=10
t=4360  13:17:14 srv=1 cli=1 cpu%=789 port=19155 json=10
t=4380  13:17:35 srv=1 cli=1 cpu%=792 port=19155 json=10
t=4400  13:17:55 srv=1 cli=1 cpu%=793 port=19155 json=10
t=4420  13:18:15 srv=1 cli=1 cpu%=794 port=19155 json=10
t=4440  13:18:35 srv=1 cli=1 cpu%=795 port=19155 json=10
t=4460  13:18:56 srv=1 cli=1 cpu%=796 port=19155 json=10
t=4480  13:19:16 srv=1 cli=1 cpu%=796 port=19155 json=10
t=4500  13:19:36 srv=1 cli=0 cpu%=794 port=19386 json=10
t=4520  13:19:56 srv=1 cli=1 cpu%=786 port=19386 json=10
t=4540  13:20:17 srv=1 cli=1 cpu%=791 port=19386 json=10
t=4560  13:20:37 srv=1 cli=1 cpu%=793 port=19386 json=10
t=4580  13:20:57 srv=1 cli=1 cpu%=795 port=19386 json=10
t=4600  13:21:17 srv=1 cli=1 cpu%=796 port=19386 json=10
t=4620  13:21:38 srv=1 cli=1 cpu%=796 port=19386 json=10
t=4640  13:21:58 srv=1 cli=1 cpu%=796 port=19386 json=10
t=4660  13:22:18 srv=1 cli=1 cpu%=797 port=19386 json=10
t=4680  13:22:38 srv=1 cli=1 cpu%=797 port=19386 json=10
t=4700  13:22:58 srv=1 cli=1 cpu%=797 port=19386 json=10
t=4720  13:23:18 srv=1 cli=1 cpu%=797 port=19386 json=10
t=4740  13:23:39 srv=1 cli=1 cpu%=798 port=19386 json=10
t=4760  13:23:59 srv=1 cli=1 cpu%=798 port=19386 json=10
t=4780  13:24:19 srv=1 cli=1 cpu%=798 port=19386 json=10
t=4800  13:24:39 srv=1 cli=1 cpu%=798 port=19386 json=10
t=4820  13:25:00 srv=1 cli=1 cpu%=798 port=19386 json=10
t=4840  13:25:20 srv=1 cli=1 cpu%=798 port=19386 json=10
t=4860  13:25:40 srv=1 cli=1 cpu%=798 port=19386 json=10
t=4880  13:26:00 srv=1 cli=0 cpu%=784 port=19226 json=10
t=4900  13:26:20 srv=1 cli=1 cpu%=778 port=19226 json=10
t=4920  13:26:41 srv=1 cli=1 cpu%=787 port=19226 json=10
t=4940  13:27:01 srv=1 cli=1 cpu%=791 port=19226 json=10
t=4960  13:27:21 srv=1 cli=1 cpu%=793 port=19226 json=10
t=4980  13:27:41 srv=1 cli=1 cpu%=794 port=19226 json=10
t=5000  13:28:02 srv=1 cli=1 cpu%=795 port=19226 json=10
t=5020  13:28:22 srv=1 cli=1 cpu%=795 port=19226 json=10
t=5040  13:28:42 srv=1 cli=1 cpu%=796 port=19226 json=10
t=5060  13:29:02 srv=1 cli=0 cpu%=789 port=19115 json=10
t=5080  13:29:22 srv=1 cli=1 cpu%=782 port=19115 json=10
t=5100  13:29:43 srv=1 cli=1 cpu%=790 port=19115 json=10
t=5120  13:30:03 srv=1 cli=1 cpu%=793 port=19115 json=10
t=5140  13:30:23 srv=1 cli=1 cpu%=794 port=19115 json=10
t=5160  13:30:43 srv=1 cli=1 cpu%=795 port=19115 json=10
t=5180  13:31:03 srv=1 cli=1 cpu%=796 port=19115 json=10
t=5200  13:31:24 srv=1 cli=1 cpu%=796 port=19115 json=10
t=5220  13:31:44 srv=1 cli=1 cpu%=797 port=19115 json=10
t=5240  13:32:04 srv=1 cli=1 cpu%=797 port=19115 json=10
t=5260  13:32:24 srv=1 cli=1 cpu%=797 port=19115 json=10
t=5280  13:32:44 srv=1 cli=1 cpu%=797 port=19115 json=10
t=5300  13:33:05 srv=1 cli=1 cpu%=798 port=19115 json=10
t=5320  13:33:25 srv=1 cli=1 cpu%=798 port=19115 json=10
t=5340  13:33:45 srv=1 cli=1 cpu%=798 port=19115 json=10
t=5360  13:34:05 srv=1 cli=1 cpu%=798 port=19115 json=10
t=5380  13:34:25 srv=1 cli=1 cpu%=798 port=19115 json=10
t=5400  13:34:45 srv=1 cli=1 cpu%=798 port=19115 json=10
t=5420  13:35:06 srv=1 cli=1 cpu%=798 port=19115 json=10
t=5440  13:35:26 srv=1 cli=1 cpu%=798 port=19115 json=10
t=5460  13:35:46 srv=1 cli=1 cpu%=798 port=19115 json=10
t=5480  13:36:06 srv=1 cli=1 cpu%=798 port=19115 json=10
t=5500  13:36:26 srv=1 cli=1 cpu%=798 port=19115 json=10
t=5520  13:36:47 srv=1 cli=1 cpu%=798 port=19115 json=10
t=5540  13:37:07 srv=1 cli=1 cpu%=798 port=19115 json=10
t=5560  13:37:27 srv=1 cli=1 cpu%=798 port=19115 json=10
t=5580  13:37:47 srv=0 cli=0 cpu%=0 port=- json=10
t=5600  13:38:07 srv=0 cli=0 cpu%=0 port=- json=10
pipeline finished, supervisor exiting 2026-10-07T13:38:07+00:00
